   1 0000               # File: 	stepback.asm
   2 0000               # Author: 	Margaret Dorsey
   3 0000               #
   4 0000               # Description:	Implements a stack structure and uses it to handle stepping 
   5 0000               # 		back during the backtracking algorithm
   6 0000               #
   7 0000               # Revisions: 	see gitlog.txt
   8 0000               
   9 0000               #
  10 0000               # CONSTANT DEFINTIONS
  11 0000               #
  12 0000               
  13 0000               
  14 0000               #
  15 0000               # DATA BLOCK
  16 0000               #
  17 0000               
  18 0000               	.data
  19 0000               	.align 2
  20 0000               sqr_stack:
  21 0000 00000000		.space 400	#100 tiles is the maximum amount we'd ever need
          00000000
          00000000
          00000000
          00000000
          00000000
  22 0190               			#stack will store address of tile in board array
  23 0190               
  24 0190               stack_ptr:
  25 0190 00000000		.word sqr_stack	#keep track of where the top of our stack is
  26 0194               
  27 0194               #
  28 0194               # FUNCTIONS
  29 0194               #
  30 0000               	.text
  31 0000               	.align 2
  32 0000               	.globl stepback
  33 0000               
  34 0000               
  35 0000               #
  36 0000               # Name: 	step_back
  37 0000               #
  38 0000               # Description:	Pops the most recently changed tile off the top of the
  39 0000               #		stack and returns its address.
  40 0000               #		If we try to step back past the start of the puzzle, 
  41 0000               #		impossible puzzle is triggered from here.
  42 0000               #
  43 0000               # Arguments:	a0: ptr to our board array
  44 0000               #		a1: dimension of board
  45 0000               #
  46 0000               # Returns:	The address of the square we stepped back to in the board 
  47 0000               #		array.
  48 0000               #
  49 0000               
  50 0000               step_back:
  51 0000               	
  52 0000 03E00008		jr	$ra
  53 0004               	.globl step_forward
  54 0004               
  55 0004               #
  56 0004               # Name: 	step_forward
  57 0004               #
  58 0004               # Description: 	pushes the tile we're about to change onto the stack.
  59 0004               #
  60 0004               # Arguments: 	a0: ptr to our board
  61 0004               #		a1: the dimension of the board
  62 0004               #		a2: the address of the square we're setting in the board array
  63 0004               #
  64 0004               # Returns: 	Nothing
  65 0004               #
  66 0004               
  67 0004               step_forward:
  68 0004               
  69 0004 03E00008		jr	$ra


sqr_stack       00000000 R  data 
stack_ptr       00000190 R  data 
step_back       00000000 R  text 
step_forward    00000004 RG text 
stepback        ******** XG
