Load map
========

Module:  three_in_row.obj
 Text segment:  264 bytes, load point 0x00400000
 Data segment:  400 bytes, load point 0x10000000
 Symbols:
                 Name Section Mode    Value
                 even   Text   R   0x00400034
            dim_valid   Text   R   0x00400054
         FINAL_PUZZLE          A   0x00000005
             READ_INT          A   0x00000005
           board_loop   Text   R   0x00400068
                valid   Text   R   0x004000f4
       PROGRAM_BANNER          A   0x00000003
                 main   Text   RG  0x00400000
  INVALID_INPUT_VALUE          A   0x00000001
   INVALID_BOARD_SIZE          A   0x00000000
            main_done   Text   R   0x004000ac
              NEWLINE          A   0x00000006
            board_arr   Data   R   0x10000000
       INITIAL_PUZZLE          A   0x00000004
    IMPOSSIBLE_PUZZLE          A   0x00000002
   enter_square_value   Text   R   0x004000c4
                 EXIT          A   0x0000000a
      board_loop_done   Text   R   0x00400088

Module:  print.obj
 Text segment:  328 bytes, load point 0x00400108
 Data segment:  256 bytes, load point 0x10000190
 Symbols:
                 Name Section Mode    Value
       program_banner   Data   R   0x100001eb
    impossible_puzzle   Data   R   0x10000247
   invalid_board_size   Data   R   0x10000190
         FINAL_PUZZLE          A   0x00000005
                BLANK          A   0x0000002e
         in_loop_done   Text   R   0x004001dc
          bottom_loop   Text   R   0x00400208
       HORIZONTAL_BAR          A   0x0000002d
                WHITE          A   0x00000020
              newline   Data   R   0x100001e9
       initial_puzzle   Data   R   0x10000227
         print_predef   Text   RG  0x00400108
        top_loop_done   Text   R   0x00400184
         final_puzzle   Data   R   0x10000238
             top_loop   Text   R   0x00400170
       PROGRAM_BANNER          A   0x00000003
                  row   Data   R   0x1000027b
         PRINT_STRING          A   0x00000004
             VERT_BAR          A   0x0000007c
  INVALID_INPUT_VALUE          A   0x00000001
       board_out_loop   Text   R   0x0040019c
        out_loop_done   Text   R   0x004001f8
        board_in_loop   Text   R   0x004001b0
   INVALID_BOARD_SIZE          A   0x00000000
                BLACK          A   0x00000023
               CORNER          A   0x0000002b
              NEWLINE          A   0x00000006
          print_board   Text   RG  0x00400138
  illegal_input_value   Data   R   0x100001bc
       INITIAL_PUZZLE          A   0x00000004
    IMPOSSIBLE_PUZZLE          A   0x00000002
           predef_tbl   Data   R   0x1000025c
                 EXIT          A   0x0000000a
     print_board_done   Text   R   0x0040021c
            color_tbl   Data   R   0x10000278

Module:  solve.obj
 Text segment:  340 bytes, load point 0x00400250
 Symbols:
                 Name Section Mode    Value
           col_consec   Text   R   0x004002cc
      set_next_square   Text   R   0x00400250
           row_consec   Text   R   0x00400358
     next_square_loop   Text   R   0x00400264
                solve   Text   RG  0x00400250
             row_loop   Text   R   0x00400344
       next_loop_done   Text   R   0x00400284
     col_return_false   Text   R   0x00400310
             col_loop   Text   R   0x004002b8
            col_cmp_1   Text   R   0x004002d4
            col_cmp_2   Text   R   0x004002e0
        row_loop_done   Text   R   0x00400384
             row_next   Text   R   0x00400374
            row_cmp_1   Text   R   0x00400360
            row_cmp_2   Text   R   0x0040036c
         check_column   Text   R   0x00400288
            check_row   Text   R   0x00400318
     row_return_false   Text   R   0x0040039c
             col_next   Text   R   0x004002e8
        col_loop_done   Text   R   0x004002f8
             non_zero   Text   R   0x0040027c

Module:  stepback.obj
 Data segment:  408 bytes, load point 0x10000290
 Symbols:
                 Name Section Mode    Value
         step_forward   Text   RG  0x004003a4
            sqr_stack   Data   R   0x10000290
            stack_ptr   Data   R   0x10000420
            step_back   Text   R   0x004003a4

Module:  r2k_startup.obj
 Text segment:  36 bytes, load point 0x004003a4
 Symbols:
                 Name Section Mode    Value
            SYS_EXIT2          A   0x00000011
       __r2k__entry__   Text   RG  0x004003a8
